// Jest Snapshot v1, https://goo.gl/fbAQLP

exports[`Indecion Component Debe hacer match con el snapshot 1`] = `
<div><img src="" style="display: none;">
  <div class="bg-dark"></div>
  <div class="indecision-container"><input type="text" placeholder="Realiza una pregunta">
    <p>Recuerda terminar con un signo de interrogaci√≥n (?)</p>
    <!--v-if-->
  </div>
</div>
`;
